Archive member included because of file (symbol)

c:/winavr-20100110/bin/../lib/gcc/avr/4.3.3/avr5\libgcc.a(_exit.o)
                              c:/winavr-20100110/bin/../lib/gcc/avr/4.3.3/../../../../avr/lib/avr5/crtm328p.o (exit)
c:/winavr-20100110/bin/../lib/gcc/avr/4.3.3/avr5\libgcc.a(_copy_data.o)
                              obj\Debug\nrf24l01_regs.o (__do_copy_data)

Memory Configuration

Name             Origin             Length             Attributes
text             0x00000000         0x00020000         xr
data             0x00800060         0x0000ffa0         rw !x
eeprom           0x00810000         0x00010000         rw !x
fuse             0x00820000         0x00000400         rw !x
lock             0x00830000         0x00000400         rw !x
signature        0x00840000         0x00000400         rw !x
*default*        0x00000000         0xffffffff

Linker script and memory map

Address of section .data set to 0x800100
LOAD c:/winavr-20100110/bin/../lib/gcc/avr/4.3.3/../../../../avr/lib/avr5/crtm328p.o
LOAD obj\Debug\nrf24l01.o
LOAD obj\Debug\nrf24l01_regs.o
LOAD obj\Debug\main.o
LOAD c:/winavr-20100110/bin/../lib/gcc/avr/4.3.3/avr5\libgcc.a
LOAD c:/winavr-20100110/bin/../lib/gcc/avr/4.3.3/../../../../avr/lib/avr5\libm.a
LOAD c:/winavr-20100110/bin/../lib/gcc/avr/4.3.3/avr5\libgcc.a
LOAD c:/winavr-20100110/bin/../lib/gcc/avr/4.3.3/../../../../avr/lib/avr5\libc.a
LOAD c:/winavr-20100110/bin/../lib/gcc/avr/4.3.3/avr5\libgcc.a

.hash
 *(.hash)

.dynsym
 *(.dynsym)

.dynstr
 *(.dynstr)

.gnu.version
 *(.gnu.version)

.gnu.version_d
 *(.gnu.version_d)

.gnu.version_r
 *(.gnu.version_r)

.rel.init
 *(.rel.init)

.rela.init
 *(.rela.init)

.rel.text
 *(.rel.text)
 *(.rel.text.*)
 *(.rel.gnu.linkonce.t*)

.rela.text
 *(.rela.text)
 *(.rela.text.*)
 *(.rela.gnu.linkonce.t*)

.rel.fini
 *(.rel.fini)

.rela.fini
 *(.rela.fini)

.rel.rodata
 *(.rel.rodata)
 *(.rel.rodata.*)
 *(.rel.gnu.linkonce.r*)

.rela.rodata
 *(.rela.rodata)
 *(.rela.rodata.*)
 *(.rela.gnu.linkonce.r*)

.rel.data
 *(.rel.data)
 *(.rel.data.*)
 *(.rel.gnu.linkonce.d*)

.rela.data
 *(.rela.data)
 *(.rela.data.*)
 *(.rela.gnu.linkonce.d*)

.rel.ctors
 *(.rel.ctors)

.rela.ctors
 *(.rela.ctors)

.rel.dtors
 *(.rel.dtors)

.rela.dtors
 *(.rela.dtors)

.rel.got
 *(.rel.got)

.rela.got
 *(.rela.got)

.rel.bss
 *(.rel.bss)

.rela.bss
 *(.rela.bss)

.rel.plt
 *(.rel.plt)

.rela.plt
 *(.rela.plt)

.text           0x00000000     0x13e2
 *(.vectors)
 .vectors       0x00000000       0x68 c:/winavr-20100110/bin/../lib/gcc/avr/4.3.3/../../../../avr/lib/avr5/crtm328p.o
                0x00000000                __vectors
                0x00000000                __vector_default
 *(.vectors)
 *(.progmem.gcc*)
 *(.progmem*)
                0x00000068                . = ALIGN (0x2)
                0x00000068                __trampolines_start = .
 *(.trampolines)
 .trampolines   0x00000068        0x0 linker stubs
 *(.trampolines*)
                0x00000068                __trampolines_end = .
 *(.jumptables)
 *(.jumptables*)
 *(.lowtext)
 *(.lowtext*)
                0x00000068                __ctors_start = .
 *(.ctors)
                0x00000068                __ctors_end = .
                0x00000068                __dtors_start = .
 *(.dtors)
                0x00000068                __dtors_end = .
 SORT(*)(.ctors)
 SORT(*)(.dtors)
 *(.init0)
 .init0         0x00000068        0x0 c:/winavr-20100110/bin/../lib/gcc/avr/4.3.3/../../../../avr/lib/avr5/crtm328p.o
                0x00000068                __init
 *(.init0)
 *(.init1)
 *(.init1)
 *(.init2)
 .init2         0x00000068        0xc c:/winavr-20100110/bin/../lib/gcc/avr/4.3.3/../../../../avr/lib/avr5/crtm328p.o
 *(.init2)
 *(.init3)
 *(.init3)
 *(.init4)
 .init4         0x00000074       0x16 c:/winavr-20100110/bin/../lib/gcc/avr/4.3.3/avr5\libgcc.a(_copy_data.o)
                0x00000074                __do_copy_data
 *(.init4)
 *(.init5)
 *(.init5)
 *(.init6)
 *(.init6)
 *(.init7)
 *(.init7)
 *(.init8)
 *(.init8)
 *(.init9)
 .init9         0x0000008a        0x8 c:/winavr-20100110/bin/../lib/gcc/avr/4.3.3/../../../../avr/lib/avr5/crtm328p.o
 *(.init9)
 *(.text)
 .text          0x00000092        0x4 c:/winavr-20100110/bin/../lib/gcc/avr/4.3.3/../../../../avr/lib/avr5/crtm328p.o
                0x00000092                __vector_22
                0x00000092                __vector_1
                0x00000092                __vector_24
                0x00000092                __vector_12
                0x00000092                __bad_interrupt
                0x00000092                __vector_6
                0x00000092                __vector_3
                0x00000092                __vector_23
                0x00000092                __vector_25
                0x00000092                __vector_11
                0x00000092                __vector_13
                0x00000092                __vector_17
                0x00000092                __vector_19
                0x00000092                __vector_7
                0x00000092                __vector_5
                0x00000092                __vector_4
                0x00000092                __vector_9
                0x00000092                __vector_2
                0x00000092                __vector_21
                0x00000092                __vector_15
                0x00000092                __vector_8
                0x00000092                __vector_14
                0x00000092                __vector_10
                0x00000092                __vector_16
                0x00000092                __vector_18
                0x00000092                __vector_20
 .text          0x00000096     0x109c obj\Debug\nrf24l01.o
                0x000009fe                nrf_preset_esb
                0x0000027c                nrf_send_blocking
                0x0000061c                nrf_read_ack_pl
                0x000001c4                nrf_send
                0x00000d34                nrf_preset_esbpl
                0x00000472                nrf_receive_blocking
                0x00000096                nrf_read_reg
                0x000006d8                nrf_preset_sb
                0x00000386                nrf_receive
                0x00000136                nrf_write_reg
                0x0000055e                nrf_write_ack_pl
 .text          0x00001132      0x2a2 obj\Debug\nrf24l01_regs.o
                0x00001132                nrf_get_reg_field
                0x0000124e                nrf_set_reg_field
 .text          0x000013d4        0xa obj\Debug\main.o
                0x000013d4                main
 .text          0x000013de        0x0 c:/winavr-20100110/bin/../lib/gcc/avr/4.3.3/avr5\libgcc.a(_exit.o)
 .text          0x000013de        0x0 c:/winavr-20100110/bin/../lib/gcc/avr/4.3.3/avr5\libgcc.a(_copy_data.o)
                0x000013de                . = ALIGN (0x2)
 *(.text.*)
 .text.libgcc   0x000013de        0x0 c:/winavr-20100110/bin/../lib/gcc/avr/4.3.3/avr5\libgcc.a(_exit.o)
 .text.libgcc   0x000013de        0x0 c:/winavr-20100110/bin/../lib/gcc/avr/4.3.3/avr5\libgcc.a(_copy_data.o)
                0x000013de                . = ALIGN (0x2)
 *(.fini9)
 .fini9         0x000013de        0x0 c:/winavr-20100110/bin/../lib/gcc/avr/4.3.3/avr5\libgcc.a(_exit.o)
                0x000013de                exit
                0x000013de                _exit
 *(.fini9)
 *(.fini8)
 *(.fini8)
 *(.fini7)
 *(.fini7)
 *(.fini6)
 *(.fini6)
 *(.fini5)
 *(.fini5)
 *(.fini4)
 *(.fini4)
 *(.fini3)
 *(.fini3)
 *(.fini2)
 *(.fini2)
 *(.fini1)
 *(.fini1)
 *(.fini0)
 .fini0         0x000013de        0x4 c:/winavr-20100110/bin/../lib/gcc/avr/4.3.3/avr5\libgcc.a(_exit.o)
 *(.fini0)
                0x000013e2                _etext = .

.data           0x00800100      0x3ec load address 0x000013e2
                0x00800100                PROVIDE (__data_start, .)
 *(.data)
 .data          0x00800100        0x0 c:/winavr-20100110/bin/../lib/gcc/avr/4.3.3/../../../../avr/lib/avr5/crtm328p.o
 .data          0x00800100        0x0 obj\Debug\nrf24l01.o
 .data          0x00800100      0x3eb obj\Debug\nrf24l01_regs.o
                0x0080029f                nrf_reg_addr_fields
                0x008002ba                nrf_reg_rxpw_fields
                0x008002eb                nrf_reg_fifostat_fields
                0x0080025e                nrf_reg_status_fields
                0x0080032e                nrf_reg_dynpd_fields
                0x0080018a                nrf_reg_enaa_fields
                0x008001f6                nrf_reg_setupretr_fields
                0x00800284                nrf_reg_observetx_fields
                0x00800364                nrf_reg_feature_fields
                0x0080013d                nrf_reg_config_fields
                0x00800454                nrf_reg_def
                0x00800290                nrf_reg_cd_fields
                0x008001cd                nrf_reg_enrxaddr_fields
                0x0080022a                nrf_reg_rfsetup_fields
                0x008001e9                nrf_reg_setupaw_fields
                0x00800205                nrf_reg_rfch_fields
 .data          0x008004eb        0x0 obj\Debug\main.o
 .data          0x008004eb        0x0 c:/winavr-20100110/bin/../lib/gcc/avr/4.3.3/avr5\libgcc.a(_exit.o)
 .data          0x008004eb        0x0 c:/winavr-20100110/bin/../lib/gcc/avr/4.3.3/avr5\libgcc.a(_copy_data.o)
 *(.data*)
 *(.rodata)
 *(.rodata*)
 *(.gnu.linkonce.d*)
                0x008004ec                . = ALIGN (0x2)
 *fill*         0x008004eb        0x1 00
                0x008004ec                _edata = .
                0x008004ec                PROVIDE (__data_end, .)

.bss            0x008004ec        0x0
                0x008004ec                PROVIDE (__bss_start, .)
 *(.bss)
 .bss           0x008004ec        0x0 c:/winavr-20100110/bin/../lib/gcc/avr/4.3.3/../../../../avr/lib/avr5/crtm328p.o
 .bss           0x008004ec        0x0 obj\Debug\nrf24l01.o
 .bss           0x008004ec        0x0 obj\Debug\nrf24l01_regs.o
 .bss           0x008004ec        0x0 obj\Debug\main.o
 .bss           0x008004ec        0x0 c:/winavr-20100110/bin/../lib/gcc/avr/4.3.3/avr5\libgcc.a(_exit.o)
 .bss           0x008004ec        0x0 c:/winavr-20100110/bin/../lib/gcc/avr/4.3.3/avr5\libgcc.a(_copy_data.o)
 *(.bss*)
 *(COMMON)
                0x008004ec                PROVIDE (__bss_end, .)
                0x000013e2                __data_load_start = LOADADDR (.data)
                0x000017ce                __data_load_end = (__data_load_start + SIZEOF (.data))

.noinit         0x008004ec        0x0
                0x008004ec                PROVIDE (__noinit_start, .)
 *(.noinit*)
                0x008004ec                PROVIDE (__noinit_end, .)
                0x008004ec                _end = .
                0x008004ec                PROVIDE (__heap_start, .)

.eeprom         0x00810000        0x0
 *(.eeprom*)
                0x00810000                __eeprom_end = .

.fuse
 *(.fuse)
 *(.lfuse)
 *(.hfuse)
 *(.efuse)

.lock
 *(.lock*)

.signature
 *(.signature*)

.stab
 *(.stab)

.stabstr
 *(.stabstr)

.stab.excl
 *(.stab.excl)

.stab.exclstr
 *(.stab.exclstr)

.stab.index
 *(.stab.index)

.stab.indexstr
 *(.stab.indexstr)

.comment
 *(.comment)

.debug
 *(.debug)

.line
 *(.line)

.debug_srcinfo
 *(.debug_srcinfo)

.debug_sfnames
 *(.debug_sfnames)

.debug_aranges  0x00000000       0x60
 *(.debug_aranges)
 .debug_aranges
                0x00000000       0x20 obj\Debug\nrf24l01.o
 .debug_aranges
                0x00000020       0x20 obj\Debug\nrf24l01_regs.o
 .debug_aranges
                0x00000040       0x20 obj\Debug\main.o

.debug_pubnames
                0x00000000      0x2d3
 *(.debug_pubnames)
 .debug_pubnames
                0x00000000       0xe4 obj\Debug\nrf24l01.o
 .debug_pubnames
                0x000000e4      0x1d4 obj\Debug\nrf24l01_regs.o
 .debug_pubnames
                0x000002b8       0x1b obj\Debug\main.o

.debug_info     0x00000000      0x9a5
 *(.debug_info)
 .debug_info    0x00000000      0x597 obj\Debug\nrf24l01.o
 .debug_info    0x00000597      0x398 obj\Debug\nrf24l01_regs.o
 .debug_info    0x0000092f       0x76 obj\Debug\main.o
 *(.gnu.linkonce.wi.*)

.debug_abbrev   0x00000000      0x29f
 *(.debug_abbrev)
 .debug_abbrev  0x00000000      0x15f obj\Debug\nrf24l01.o
 .debug_abbrev  0x0000015f       0xff obj\Debug\nrf24l01_regs.o
 .debug_abbrev  0x0000025e       0x41 obj\Debug\main.o

.debug_line     0x00000000      0xaf1
 *(.debug_line)
 .debug_line    0x00000000      0x97d obj\Debug\nrf24l01.o
 .debug_line    0x0000097d      0x124 obj\Debug\nrf24l01_regs.o
 .debug_line    0x00000aa1       0x50 obj\Debug\main.o

.debug_frame    0x00000000      0x110
 *(.debug_frame)
 .debug_frame   0x00000000       0xc0 obj\Debug\nrf24l01.o
 .debug_frame   0x000000c0       0x30 obj\Debug\nrf24l01_regs.o
 .debug_frame   0x000000f0       0x20 obj\Debug\main.o

.debug_str      0x00000000      0x34f
 *(.debug_str)
 .debug_str     0x00000000      0x18b obj\Debug\nrf24l01.o
                                0x19f (size before relaxing)
 .debug_str     0x0000018b      0x193 obj\Debug\nrf24l01_regs.o
                                0x246 (size before relaxing)
 .debug_str     0x0000031e       0x31 obj\Debug\main.o
                                 0xb2 (size before relaxing)

.debug_loc
 *(.debug_loc)

.debug_macinfo
 *(.debug_macinfo)
OUTPUT(bin\Debug\nRF24_1.elf elf32-avr)
LOAD linker stubs

Cross Reference Table

Symbol                                            File
__bad_interrupt                                   c:/winavr-20100110/bin/../lib/gcc/avr/4.3.3/../../../../avr/lib/avr5/crtm328p.o
__data_end                                        c:/winavr-20100110/bin/../lib/gcc/avr/4.3.3/avr5\libgcc.a(_copy_data.o)
__data_load_start                                 c:/winavr-20100110/bin/../lib/gcc/avr/4.3.3/avr5\libgcc.a(_copy_data.o)
__data_start                                      c:/winavr-20100110/bin/../lib/gcc/avr/4.3.3/avr5\libgcc.a(_copy_data.o)
__do_copy_data                                    c:/winavr-20100110/bin/../lib/gcc/avr/4.3.3/avr5\libgcc.a(_copy_data.o)
                                                  obj\Debug\nrf24l01_regs.o
__heap_end                                        c:/winavr-20100110/bin/../lib/gcc/avr/4.3.3/../../../../avr/lib/avr5/crtm328p.o
__init                                            c:/winavr-20100110/bin/../lib/gcc/avr/4.3.3/../../../../avr/lib/avr5/crtm328p.o
__stack                                           c:/winavr-20100110/bin/../lib/gcc/avr/4.3.3/../../../../avr/lib/avr5/crtm328p.o
__vector_1                                        c:/winavr-20100110/bin/../lib/gcc/avr/4.3.3/../../../../avr/lib/avr5/crtm328p.o
__vector_10                                       c:/winavr-20100110/bin/../lib/gcc/avr/4.3.3/../../../../avr/lib/avr5/crtm328p.o
__vector_11                                       c:/winavr-20100110/bin/../lib/gcc/avr/4.3.3/../../../../avr/lib/avr5/crtm328p.o
__vector_12                                       c:/winavr-20100110/bin/../lib/gcc/avr/4.3.3/../../../../avr/lib/avr5/crtm328p.o
__vector_13                                       c:/winavr-20100110/bin/../lib/gcc/avr/4.3.3/../../../../avr/lib/avr5/crtm328p.o
__vector_14                                       c:/winavr-20100110/bin/../lib/gcc/avr/4.3.3/../../../../avr/lib/avr5/crtm328p.o
__vector_15                                       c:/winavr-20100110/bin/../lib/gcc/avr/4.3.3/../../../../avr/lib/avr5/crtm328p.o
__vector_16                                       c:/winavr-20100110/bin/../lib/gcc/avr/4.3.3/../../../../avr/lib/avr5/crtm328p.o
__vector_17                                       c:/winavr-20100110/bin/../lib/gcc/avr/4.3.3/../../../../avr/lib/avr5/crtm328p.o
__vector_18                                       c:/winavr-20100110/bin/../lib/gcc/avr/4.3.3/../../../../avr/lib/avr5/crtm328p.o
__vector_19                                       c:/winavr-20100110/bin/../lib/gcc/avr/4.3.3/../../../../avr/lib/avr5/crtm328p.o
__vector_2                                        c:/winavr-20100110/bin/../lib/gcc/avr/4.3.3/../../../../avr/lib/avr5/crtm328p.o
__vector_20                                       c:/winavr-20100110/bin/../lib/gcc/avr/4.3.3/../../../../avr/lib/avr5/crtm328p.o
__vector_21                                       c:/winavr-20100110/bin/../lib/gcc/avr/4.3.3/../../../../avr/lib/avr5/crtm328p.o
__vector_22                                       c:/winavr-20100110/bin/../lib/gcc/avr/4.3.3/../../../../avr/lib/avr5/crtm328p.o
__vector_23                                       c:/winavr-20100110/bin/../lib/gcc/avr/4.3.3/../../../../avr/lib/avr5/crtm328p.o
__vector_24                                       c:/winavr-20100110/bin/../lib/gcc/avr/4.3.3/../../../../avr/lib/avr5/crtm328p.o
__vector_25                                       c:/winavr-20100110/bin/../lib/gcc/avr/4.3.3/../../../../avr/lib/avr5/crtm328p.o
__vector_3                                        c:/winavr-20100110/bin/../lib/gcc/avr/4.3.3/../../../../avr/lib/avr5/crtm328p.o
__vector_4                                        c:/winavr-20100110/bin/../lib/gcc/avr/4.3.3/../../../../avr/lib/avr5/crtm328p.o
__vector_5                                        c:/winavr-20100110/bin/../lib/gcc/avr/4.3.3/../../../../avr/lib/avr5/crtm328p.o
__vector_6                                        c:/winavr-20100110/bin/../lib/gcc/avr/4.3.3/../../../../avr/lib/avr5/crtm328p.o
__vector_7                                        c:/winavr-20100110/bin/../lib/gcc/avr/4.3.3/../../../../avr/lib/avr5/crtm328p.o
__vector_8                                        c:/winavr-20100110/bin/../lib/gcc/avr/4.3.3/../../../../avr/lib/avr5/crtm328p.o
__vector_9                                        c:/winavr-20100110/bin/../lib/gcc/avr/4.3.3/../../../../avr/lib/avr5/crtm328p.o
__vector_default                                  c:/winavr-20100110/bin/../lib/gcc/avr/4.3.3/../../../../avr/lib/avr5/crtm328p.o
__vectors                                         c:/winavr-20100110/bin/../lib/gcc/avr/4.3.3/../../../../avr/lib/avr5/crtm328p.o
_exit                                             c:/winavr-20100110/bin/../lib/gcc/avr/4.3.3/avr5\libgcc.a(_exit.o)
exit                                              c:/winavr-20100110/bin/../lib/gcc/avr/4.3.3/avr5\libgcc.a(_exit.o)
                                                  c:/winavr-20100110/bin/../lib/gcc/avr/4.3.3/../../../../avr/lib/avr5/crtm328p.o
main                                              obj\Debug\main.o
                                                  c:/winavr-20100110/bin/../lib/gcc/avr/4.3.3/../../../../avr/lib/avr5/crtm328p.o
nrf_get_reg_field                                 obj\Debug\nrf24l01_regs.o
                                                  obj\Debug\nrf24l01.o
nrf_preset_esb                                    obj\Debug\nrf24l01.o
nrf_preset_esbpl                                  obj\Debug\nrf24l01.o
nrf_preset_sb                                     obj\Debug\nrf24l01.o
nrf_read_ack_pl                                   obj\Debug\nrf24l01.o
nrf_read_reg                                      obj\Debug\nrf24l01.o
nrf_receive                                       obj\Debug\nrf24l01.o
nrf_receive_blocking                              obj\Debug\nrf24l01.o
nrf_reg_addr_fields                               obj\Debug\nrf24l01_regs.o
nrf_reg_cd_fields                                 obj\Debug\nrf24l01_regs.o
nrf_reg_config_fields                             obj\Debug\nrf24l01_regs.o
nrf_reg_def                                       obj\Debug\nrf24l01_regs.o
                                                  obj\Debug\nrf24l01.o
nrf_reg_dynpd_fields                              obj\Debug\nrf24l01_regs.o
nrf_reg_enaa_fields                               obj\Debug\nrf24l01_regs.o
nrf_reg_enrxaddr_fields                           obj\Debug\nrf24l01_regs.o
nrf_reg_feature_fields                            obj\Debug\nrf24l01_regs.o
nrf_reg_fifostat_fields                           obj\Debug\nrf24l01_regs.o
nrf_reg_observetx_fields                          obj\Debug\nrf24l01_regs.o
nrf_reg_rfch_fields                               obj\Debug\nrf24l01_regs.o
nrf_reg_rfsetup_fields                            obj\Debug\nrf24l01_regs.o
nrf_reg_rxpw_fields                               obj\Debug\nrf24l01_regs.o
nrf_reg_setupaw_fields                            obj\Debug\nrf24l01_regs.o
nrf_reg_setupretr_fields                          obj\Debug\nrf24l01_regs.o
nrf_reg_status_fields                             obj\Debug\nrf24l01_regs.o
nrf_send                                          obj\Debug\nrf24l01.o
nrf_send_blocking                                 obj\Debug\nrf24l01.o
nrf_set_reg_field                                 obj\Debug\nrf24l01_regs.o
                                                  obj\Debug\nrf24l01.o
nrf_spi_csh                                       obj\Debug\nrf24l01.o
nrf_spi_csl                                       obj\Debug\nrf24l01.o
nrf_spi_xfer_byte                                 obj\Debug\nrf24l01.o
nrf_write_ack_pl                                  obj\Debug\nrf24l01.o
nrf_write_reg                                     obj\Debug\nrf24l01.o
