Archive member included because of file (symbol)

c:/winavr-20100110/bin/../lib/gcc/avr/4.3.3/avr5\libgcc.a(_udivmodqi4.o)
                              obj\Release\intrpt.o (__udivmodqi4)
c:/winavr-20100110/bin/../lib/gcc/avr/4.3.3/avr5\libgcc.a(_divmodqi4.o)
                              obj\Release\intrpt.o (__divmodqi4)
c:/winavr-20100110/bin/../lib/gcc/avr/4.3.3/avr5\libgcc.a(_udivmodhi4.o)
                              obj\Release\strFunc.o (__udivmodhi4)
c:/winavr-20100110/bin/../lib/gcc/avr/4.3.3/avr5\libgcc.a(_exit.o)
                              c:/winavr-20100110/bin/../lib/gcc/avr/4.3.3/../../../../avr/lib/avr5/crtm328p.o (exit)
c:/winavr-20100110/bin/../lib/gcc/avr/4.3.3/avr5\libgcc.a(_copy_data.o)
                              obj\Release\globals.o (__do_copy_data)
c:/winavr-20100110/bin/../lib/gcc/avr/4.3.3/avr5\libgcc.a(_clear_bss.o)
                              obj\Release\globals.o (__do_clear_bss)
c:/winavr-20100110/bin/../lib/gcc/avr/4.3.3/../../../../avr/lib/avr5\libc.a(atoi.o)
                              obj\Release\strFunc.o (atoi)
c:/winavr-20100110/bin/../lib/gcc/avr/4.3.3/../../../../avr/lib/avr5\libc.a(strtok.o)
                              obj\Release\strFunc.o (strtok)
c:/winavr-20100110/bin/../lib/gcc/avr/4.3.3/../../../../avr/lib/avr5\libc.a(strcat.o)
                              obj\Release\main.o (strcat)
c:/winavr-20100110/bin/../lib/gcc/avr/4.3.3/../../../../avr/lib/avr5\libc.a(strcmp.o)
                              obj\Release\strFunc.o (strcmp)
c:/winavr-20100110/bin/../lib/gcc/avr/4.3.3/../../../../avr/lib/avr5\libc.a(strcpy.o)
                              obj\Release\main.o (strcpy)
c:/winavr-20100110/bin/../lib/gcc/avr/4.3.3/../../../../avr/lib/avr5\libc.a(strtok_r.o)
                              c:/winavr-20100110/bin/../lib/gcc/avr/4.3.3/../../../../avr/lib/avr5\libc.a(strtok.o) (strtok_r)
c:/winavr-20100110/bin/../lib/gcc/avr/4.3.3/../../../../avr/lib/avr5\libc.a(itoa.o)
                              obj\Release\main.o (itoa)
c:/winavr-20100110/bin/../lib/gcc/avr/4.3.3/../../../../avr/lib/avr5\libc.a(mul10.o)
                              c:/winavr-20100110/bin/../lib/gcc/avr/4.3.3/../../../../avr/lib/avr5\libc.a(atoi.o) (__mulhi_const_10)
c:/winavr-20100110/bin/../lib/gcc/avr/4.3.3/../../../../avr/lib/avr5\libc.a(strrev.o)
                              c:/winavr-20100110/bin/../lib/gcc/avr/4.3.3/../../../../avr/lib/avr5\libc.a(itoa.o) (strrev)

Allocating common symbols
Common symbol       size              file

glbWords0           0x154             obj\Release\words.o
monthEndDate        0x1               obj\Release\globals.o
prevMenuCnt         0x1               obj\Release\globals.o
prevMenuLayer       0x1               obj\Release\globals.o

Memory Configuration

Name             Origin             Length             Attributes
text             0x00000000         0x00020000         xr
data             0x00800060         0x0000ffa0         rw !x
eeprom           0x00810000         0x00010000         rw !x
fuse             0x00820000         0x00000400         rw !x
lock             0x00830000         0x00000400         rw !x
signature        0x00840000         0x00000400         rw !x
*default*        0x00000000         0xffffffff

Linker script and memory map

Address of section .data set to 0x800100
LOAD c:/winavr-20100110/bin/../lib/gcc/avr/4.3.3/../../../../avr/lib/avr5/crtm328p.o
LOAD obj\Release\globals.o
LOAD obj\Release\intrpt.o
LOAD obj\Release\main.o
LOAD obj\Release\strFunc.o
LOAD obj\Release\util.o
LOAD obj\Release\words.o
LOAD obj\Release\DHT11\DHT11_ATmega328p.o
LOAD c:/winavr-20100110/bin/../lib/gcc/avr/4.3.3/avr5\libgcc.a
LOAD c:/winavr-20100110/bin/../lib/gcc/avr/4.3.3/../../../../avr/lib/avr5\libm.a
LOAD c:/winavr-20100110/bin/../lib/gcc/avr/4.3.3/avr5\libgcc.a
LOAD c:/winavr-20100110/bin/../lib/gcc/avr/4.3.3/../../../../avr/lib/avr5\libc.a
LOAD c:/winavr-20100110/bin/../lib/gcc/avr/4.3.3/avr5\libgcc.a

.hash
 *(.hash)

.dynsym
 *(.dynsym)

.dynstr
 *(.dynstr)

.gnu.version
 *(.gnu.version)

.gnu.version_d
 *(.gnu.version_d)

.gnu.version_r
 *(.gnu.version_r)

.rel.init
 *(.rel.init)

.rela.init
 *(.rela.init)

.rel.text
 *(.rel.text)
 *(.rel.text.*)
 *(.rel.gnu.linkonce.t*)

.rela.text
 *(.rela.text)
 *(.rela.text.*)
 *(.rela.gnu.linkonce.t*)

.rel.fini
 *(.rel.fini)

.rela.fini
 *(.rela.fini)

.rel.rodata
 *(.rel.rodata)
 *(.rel.rodata.*)
 *(.rel.gnu.linkonce.r*)

.rela.rodata
 *(.rela.rodata)
 *(.rela.rodata.*)
 *(.rela.gnu.linkonce.r*)

.rel.data
 *(.rel.data)
 *(.rel.data.*)
 *(.rel.gnu.linkonce.d*)

.rela.data
 *(.rela.data)
 *(.rela.data.*)
 *(.rela.gnu.linkonce.d*)

.rel.ctors
 *(.rel.ctors)

.rela.ctors
 *(.rela.ctors)

.rel.dtors
 *(.rel.dtors)

.rela.dtors
 *(.rela.dtors)

.rel.got
 *(.rel.got)

.rela.got
 *(.rela.got)

.rel.bss
 *(.rel.bss)

.rela.bss
 *(.rela.bss)

.rel.plt
 *(.rel.plt)

.rela.plt
 *(.rela.plt)

.text           0x00000000     0x1afc
 *(.vectors)
 .vectors       0x00000000       0x68 c:/winavr-20100110/bin/../lib/gcc/avr/4.3.3/../../../../avr/lib/avr5/crtm328p.o
                0x00000000                __vectors
                0x00000000                __vector_default
 *(.vectors)
 *(.progmem.gcc*)
 *(.progmem*)
                0x00000068                . = ALIGN (0x2)
                0x00000068                __trampolines_start = .
 *(.trampolines)
 .trampolines   0x00000068        0x0 linker stubs
 *(.trampolines*)
                0x00000068                __trampolines_end = .
 *(.jumptables)
 *(.jumptables*)
 *(.lowtext)
 *(.lowtext*)
                0x00000068                __ctors_start = .
 *(.ctors)
                0x00000068                __ctors_end = .
                0x00000068                __dtors_start = .
 *(.dtors)
                0x00000068                __dtors_end = .
 SORT(*)(.ctors)
 SORT(*)(.dtors)
 *(.init0)
 .init0         0x00000068        0x0 c:/winavr-20100110/bin/../lib/gcc/avr/4.3.3/../../../../avr/lib/avr5/crtm328p.o
                0x00000068                __init
 *(.init0)
 *(.init1)
 *(.init1)
 *(.init2)
 .init2         0x00000068        0xc c:/winavr-20100110/bin/../lib/gcc/avr/4.3.3/../../../../avr/lib/avr5/crtm328p.o
 *(.init2)
 *(.init3)
 *(.init3)
 *(.init4)
 .init4         0x00000074       0x16 c:/winavr-20100110/bin/../lib/gcc/avr/4.3.3/avr5\libgcc.a(_copy_data.o)
                0x00000074                __do_copy_data
 .init4         0x0000008a       0x10 c:/winavr-20100110/bin/../lib/gcc/avr/4.3.3/avr5\libgcc.a(_clear_bss.o)
                0x0000008a                __do_clear_bss
 *(.init4)
 *(.init5)
 *(.init5)
 *(.init6)
 *(.init6)
 *(.init7)
 *(.init7)
 *(.init8)
 *(.init8)
 *(.init9)
 .init9         0x0000009a        0x8 c:/winavr-20100110/bin/../lib/gcc/avr/4.3.3/../../../../avr/lib/avr5/crtm328p.o
 *(.init9)
 *(.text)
 .text          0x000000a2        0x4 c:/winavr-20100110/bin/../lib/gcc/avr/4.3.3/../../../../avr/lib/avr5/crtm328p.o
                0x000000a2                __vector_22
                0x000000a2                __vector_1
                0x000000a2                __vector_24
                0x000000a2                __vector_12
                0x000000a2                __bad_interrupt
                0x000000a2                __vector_23
                0x000000a2                __vector_25
                0x000000a2                __vector_11
                0x000000a2                __vector_13
                0x000000a2                __vector_17
                0x000000a2                __vector_19
                0x000000a2                __vector_7
                0x000000a2                __vector_5
                0x000000a2                __vector_4
                0x000000a2                __vector_9
                0x000000a2                __vector_2
                0x000000a2                __vector_21
                0x000000a2                __vector_15
                0x000000a2                __vector_8
                0x000000a2                __vector_14
                0x000000a2                __vector_10
                0x000000a2                __vector_16
                0x000000a2                __vector_18
                0x000000a2                __vector_20
 .text          0x000000a6        0x0 obj\Release\globals.o
 .text          0x000000a6      0x2a4 obj\Release\intrpt.o
                0x000000f0                initINT
                0x00000144                proceedClock
                0x00000274                __vector_6
                0x000002d6                __vector_3
                0x0000012c                init_devices
                0x000000d4                check_wdt
                0x000000a6                WDT_Init
                0x0000011c                setup_wdt
 .text          0x0000034a      0x74a obj\Release\main.o
                0x00000752                lcd_dispAccumulatedTime
                0x00000394                lcd_write_instruction_4d
                0x00000846                lcd_dispRealClock
                0x00000690                lcd_SysTime
                0x00000366                turnOffLCDBacklight
                0x000005f0                lcd_dispWords
                0x00000362                turnOnLCDBacklight
                0x000004c6                lcd_init_4d
                0x00000560                lcd_padSpace
                0x00000a64                main
                0x00000652                lcd_dispProgInfo
                0x0000036a                lcd_write_4
                0x0000034a                chkButtonAndToggleBacklight
                0x000003bc                lcd_dispOFF
                0x000005a4                lcd_dispLineOneTwo
                0x000003ae                lcd_dispON
                0x0000069e                lcd_showDHT11
                0x000003ca                lcd_write_character_4d
                0x000003e4                lcd_write_string_4d
                0x0000043c                lcd_testString
                0x00000548                config
                0x00000644                lcd_dispMenu
 .text          0x00000a94      0x1ee obj\Release\strFunc.o
                0x00000a94                calcDay
                0x00000aa4                parseCompileTime
 .text          0x00000c82      0x87c obj\Release\util.o
                0x00001278                countButton
                0x00000c96                adjustSec
                0x00000c82                sysClockTest
                0x00000d58                adjustMin
                0x0000105e                countButton_old
                0x00000edc                adjustTime
                0x000011f6                countWithinOneSec
                0x00000e1a                adjustHour
                0x00000fb8                showMenuMsg
 .text          0x000014fe       0x78 obj\Release\words.o
                0x0000153a                assignGlbWords0Bio1
                0x000014fe                assignGlbWords0Bio2
 .text          0x00001576      0x3ec obj\Release\DHT11\DHT11_ATmega328p.o
                0x0000195c                dht_gettemperaturehumidity
                0x00001920                dht_gettemperature
                0x000017f6                dht_getdata_EXT16MHZ
                0x0000157a                dht_getdata
                0x000017c6                getDHT11
                0x00001576                ioinit
                0x0000193e                dht_gethumidity
                0x000016a4                dht_getdata_INT8MHZ
 .text          0x00001962        0x0 c:/winavr-20100110/bin/../lib/gcc/avr/4.3.3/avr5\libgcc.a(_udivmodqi4.o)
 .text          0x00001962        0x0 c:/winavr-20100110/bin/../lib/gcc/avr/4.3.3/avr5\libgcc.a(_divmodqi4.o)
 .text          0x00001962        0x0 c:/winavr-20100110/bin/../lib/gcc/avr/4.3.3/avr5\libgcc.a(_udivmodhi4.o)
 .text          0x00001962        0x0 c:/winavr-20100110/bin/../lib/gcc/avr/4.3.3/avr5\libgcc.a(_exit.o)
 .text          0x00001962        0x0 c:/winavr-20100110/bin/../lib/gcc/avr/4.3.3/avr5\libgcc.a(_copy_data.o)
 .text          0x00001962        0x0 c:/winavr-20100110/bin/../lib/gcc/avr/4.3.3/avr5\libgcc.a(_clear_bss.o)
 .text          0x00001962        0x0 c:/winavr-20100110/bin/../lib/gcc/avr/4.3.3/../../../../avr/lib/avr5\libc.a(atoi.o)
 .text          0x00001962        0x0 c:/winavr-20100110/bin/../lib/gcc/avr/4.3.3/../../../../avr/lib/avr5\libc.a(strtok.o)
 .text          0x00001962        0x0 c:/winavr-20100110/bin/../lib/gcc/avr/4.3.3/../../../../avr/lib/avr5\libc.a(strcat.o)
 .text          0x00001962        0x0 c:/winavr-20100110/bin/../lib/gcc/avr/4.3.3/../../../../avr/lib/avr5\libc.a(strcmp.o)
 .text          0x00001962        0x0 c:/winavr-20100110/bin/../lib/gcc/avr/4.3.3/../../../../avr/lib/avr5\libc.a(strcpy.o)
 .text          0x00001962        0x0 c:/winavr-20100110/bin/../lib/gcc/avr/4.3.3/../../../../avr/lib/avr5\libc.a(strtok_r.o)
 .text          0x00001962        0x0 c:/winavr-20100110/bin/../lib/gcc/avr/4.3.3/../../../../avr/lib/avr5\libc.a(itoa.o)
 .text          0x00001962        0x0 c:/winavr-20100110/bin/../lib/gcc/avr/4.3.3/../../../../avr/lib/avr5\libc.a(mul10.o)
 .text          0x00001962        0x0 c:/winavr-20100110/bin/../lib/gcc/avr/4.3.3/../../../../avr/lib/avr5\libc.a(strrev.o)
                0x00001962                . = ALIGN (0x2)
 *(.text.*)
 .text.libgcc   0x00001962       0x18 c:/winavr-20100110/bin/../lib/gcc/avr/4.3.3/avr5\libgcc.a(_udivmodqi4.o)
                0x00001962                __udivmodqi4
 .text.libgcc   0x0000197a       0x1a c:/winavr-20100110/bin/../lib/gcc/avr/4.3.3/avr5\libgcc.a(_divmodqi4.o)
                0x0000197a                __divmodqi4
 .text.libgcc   0x00001994       0x28 c:/winavr-20100110/bin/../lib/gcc/avr/4.3.3/avr5\libgcc.a(_udivmodhi4.o)
                0x00001994                __udivmodhi4
 .text.libgcc   0x000019bc        0x0 c:/winavr-20100110/bin/../lib/gcc/avr/4.3.3/avr5\libgcc.a(_exit.o)
 .text.libgcc   0x000019bc        0x0 c:/winavr-20100110/bin/../lib/gcc/avr/4.3.3/avr5\libgcc.a(_copy_data.o)
 .text.libgcc   0x000019bc        0x0 c:/winavr-20100110/bin/../lib/gcc/avr/4.3.3/avr5\libgcc.a(_clear_bss.o)
 .text.avr-libc
                0x000019bc       0x3c c:/winavr-20100110/bin/../lib/gcc/avr/4.3.3/../../../../avr/lib/avr5\libc.a(atoi.o)
                0x000019bc                atoi
 .text.avr-libc
                0x000019f8        0xa c:/winavr-20100110/bin/../lib/gcc/avr/4.3.3/../../../../avr/lib/avr5\libc.a(strtok.o)
                0x000019f8                strtok
 .text.avr-libc
                0x00001a02       0x16 c:/winavr-20100110/bin/../lib/gcc/avr/4.3.3/../../../../avr/lib/avr5\libc.a(strcat.o)
                0x00001a02                strcat
 .text.avr-libc
                0x00001a18       0x12 c:/winavr-20100110/bin/../lib/gcc/avr/4.3.3/../../../../avr/lib/avr5\libc.a(strcmp.o)
                0x00001a18                strcmp
 .text.avr-libc
                0x00001a2a        0xe c:/winavr-20100110/bin/../lib/gcc/avr/4.3.3/../../../../avr/lib/avr5\libc.a(strcpy.o)
                0x00001a2a                strcpy
 .text.avr-libc
                0x00001a38       0x4e c:/winavr-20100110/bin/../lib/gcc/avr/4.3.3/../../../../avr/lib/avr5\libc.a(strtok_r.o)
                0x00001a38                strtok_r
 .text.avr-libc
                0x00001a86       0x42 c:/winavr-20100110/bin/../lib/gcc/avr/4.3.3/../../../../avr/lib/avr5\libc.a(itoa.o)
                0x00001a86                itoa
 .text.avr-libc
                0x00001ac8       0x10 c:/winavr-20100110/bin/../lib/gcc/avr/4.3.3/../../../../avr/lib/avr5\libc.a(mul10.o)
                0x00001ac8                __mulhi_const_10
 .text.avr-libc
                0x00001ad8       0x20 c:/winavr-20100110/bin/../lib/gcc/avr/4.3.3/../../../../avr/lib/avr5\libc.a(strrev.o)
                0x00001ad8                strrev
                0x00001af8                . = ALIGN (0x2)
 *(.fini9)
 .fini9         0x00001af8        0x0 c:/winavr-20100110/bin/../lib/gcc/avr/4.3.3/avr5\libgcc.a(_exit.o)
                0x00001af8                exit
                0x00001af8                _exit
 *(.fini9)
 *(.fini8)
 *(.fini8)
 *(.fini7)
 *(.fini7)
 *(.fini6)
 *(.fini6)
 *(.fini5)
 *(.fini5)
 *(.fini4)
 *(.fini4)
 *(.fini3)
 *(.fini3)
 *(.fini2)
 *(.fini2)
 *(.fini1)
 *(.fini1)
 *(.fini0)
 .fini0         0x00001af8        0x4 c:/winavr-20100110/bin/../lib/gcc/avr/4.3.3/avr5\libgcc.a(_exit.o)
 *(.fini0)
                0x00001afc                _etext = .

.data           0x00800100      0x62e load address 0x00001afc
                0x00800100                PROVIDE (__data_start, .)
 *(.data)
 .data          0x00800100        0x0 c:/winavr-20100110/bin/../lib/gcc/avr/4.3.3/../../../../avr/lib/avr5/crtm328p.o
 .data          0x00800100       0x5c obj\Release\globals.o
                0x0080013b                menu_str1
                0x0080014c                menu_str2
                0x0080010f                program_version
                0x0080011e                program_email
                0x0080012c                program_date
                0x00800100                program_author
 .data          0x0080015c       0x21 obj\Release\intrpt.o
 .data          0x0080017d       0x58 obj\Release\main.o
 .data          0x008001d5       0x49 obj\Release\strFunc.o
 .data          0x0080021e      0x113 obj\Release\util.o
 .data          0x00800331      0x3fc obj\Release\words.o
                0x008005d9                bioWords02
                0x00800485                bioWords01
                0x00800331                glbWords1
 .data          0x0080072d        0x0 obj\Release\DHT11\DHT11_ATmega328p.o
 .data          0x0080072d        0x0 c:/winavr-20100110/bin/../lib/gcc/avr/4.3.3/avr5\libgcc.a(_udivmodqi4.o)
 .data          0x0080072d        0x0 c:/winavr-20100110/bin/../lib/gcc/avr/4.3.3/avr5\libgcc.a(_divmodqi4.o)
 .data          0x0080072d        0x0 c:/winavr-20100110/bin/../lib/gcc/avr/4.3.3/avr5\libgcc.a(_udivmodhi4.o)
 .data          0x0080072d        0x0 c:/winavr-20100110/bin/../lib/gcc/avr/4.3.3/avr5\libgcc.a(_exit.o)
 .data          0x0080072d        0x0 c:/winavr-20100110/bin/../lib/gcc/avr/4.3.3/avr5\libgcc.a(_copy_data.o)
 .data          0x0080072d        0x0 c:/winavr-20100110/bin/../lib/gcc/avr/4.3.3/avr5\libgcc.a(_clear_bss.o)
 .data          0x0080072d        0x0 c:/winavr-20100110/bin/../lib/gcc/avr/4.3.3/../../../../avr/lib/avr5\libc.a(atoi.o)
 .data          0x0080072d        0x0 c:/winavr-20100110/bin/../lib/gcc/avr/4.3.3/../../../../avr/lib/avr5\libc.a(strtok.o)
 .data          0x0080072d        0x0 c:/winavr-20100110/bin/../lib/gcc/avr/4.3.3/../../../../avr/lib/avr5\libc.a(strcat.o)
 .data          0x0080072d        0x0 c:/winavr-20100110/bin/../lib/gcc/avr/4.3.3/../../../../avr/lib/avr5\libc.a(strcmp.o)
 .data          0x0080072d        0x0 c:/winavr-20100110/bin/../lib/gcc/avr/4.3.3/../../../../avr/lib/avr5\libc.a(strcpy.o)
 .data          0x0080072d        0x0 c:/winavr-20100110/bin/../lib/gcc/avr/4.3.3/../../../../avr/lib/avr5\libc.a(strtok_r.o)
 .data          0x0080072d        0x0 c:/winavr-20100110/bin/../lib/gcc/avr/4.3.3/../../../../avr/lib/avr5\libc.a(itoa.o)
 .data          0x0080072d        0x0 c:/winavr-20100110/bin/../lib/gcc/avr/4.3.3/../../../../avr/lib/avr5\libc.a(mul10.o)
 .data          0x0080072d        0x0 c:/winavr-20100110/bin/../lib/gcc/avr/4.3.3/../../../../avr/lib/avr5\libc.a(strrev.o)
 *(.data*)
 *(.rodata)
 *(.rodata*)
 *(.gnu.linkonce.d*)
                0x0080072e                . = ALIGN (0x2)
 *fill*         0x0080072d        0x1 00
                0x0080072e                _edata = .
                0x0080072e                PROVIDE (__data_end, .)

.bss            0x0080072e      0x164
                0x0080072e                PROVIDE (__bss_start, .)
 *(.bss)
 .bss           0x0080072e        0x0 c:/winavr-20100110/bin/../lib/gcc/avr/4.3.3/../../../../avr/lib/avr5/crtm328p.o
 .bss           0x0080072e        0xa obj\Release\globals.o
                0x00800737                accumulatedSec
                0x00800735                accumulatedHour
                0x00800732                month
                0x00800736                accumulatedMin
                0x0080072e                hour
                0x0080072f                min
                0x00800731                year
                0x00800730                sec
                0x00800734                day
                0x00800733                date
 .bss           0x00800738        0x0 obj\Release\intrpt.o
 .bss           0x00800738        0x0 obj\Release\main.o
 .bss           0x00800738        0x0 obj\Release\strFunc.o
 .bss           0x00800738        0x0 obj\Release\util.o
 .bss           0x00800738        0x1 obj\Release\words.o
                0x00800738                wd
 .bss           0x00800739        0x0 obj\Release\DHT11\DHT11_ATmega328p.o
 .bss           0x00800739        0x0 c:/winavr-20100110/bin/../lib/gcc/avr/4.3.3/avr5\libgcc.a(_udivmodqi4.o)
 .bss           0x00800739        0x0 c:/winavr-20100110/bin/../lib/gcc/avr/4.3.3/avr5\libgcc.a(_divmodqi4.o)
 .bss           0x00800739        0x0 c:/winavr-20100110/bin/../lib/gcc/avr/4.3.3/avr5\libgcc.a(_udivmodhi4.o)
 .bss           0x00800739        0x0 c:/winavr-20100110/bin/../lib/gcc/avr/4.3.3/avr5\libgcc.a(_exit.o)
 .bss           0x00800739        0x0 c:/winavr-20100110/bin/../lib/gcc/avr/4.3.3/avr5\libgcc.a(_copy_data.o)
 .bss           0x00800739        0x0 c:/winavr-20100110/bin/../lib/gcc/avr/4.3.3/avr5\libgcc.a(_clear_bss.o)
 .bss           0x00800739        0x0 c:/winavr-20100110/bin/../lib/gcc/avr/4.3.3/../../../../avr/lib/avr5\libc.a(atoi.o)
 .bss           0x00800739        0x2 c:/winavr-20100110/bin/../lib/gcc/avr/4.3.3/../../../../avr/lib/avr5\libc.a(strtok.o)
 .bss           0x0080073b        0x0 c:/winavr-20100110/bin/../lib/gcc/avr/4.3.3/../../../../avr/lib/avr5\libc.a(strcat.o)
 .bss           0x0080073b        0x0 c:/winavr-20100110/bin/../lib/gcc/avr/4.3.3/../../../../avr/lib/avr5\libc.a(strcmp.o)
 .bss           0x0080073b        0x0 c:/winavr-20100110/bin/../lib/gcc/avr/4.3.3/../../../../avr/lib/avr5\libc.a(strcpy.o)
 .bss           0x0080073b        0x0 c:/winavr-20100110/bin/../lib/gcc/avr/4.3.3/../../../../avr/lib/avr5\libc.a(strtok_r.o)
 .bss           0x0080073b        0x0 c:/winavr-20100110/bin/../lib/gcc/avr/4.3.3/../../../../avr/lib/avr5\libc.a(itoa.o)
 .bss           0x0080073b        0x0 c:/winavr-20100110/bin/../lib/gcc/avr/4.3.3/../../../../avr/lib/avr5\libc.a(mul10.o)
 .bss           0x0080073b        0x0 c:/winavr-20100110/bin/../lib/gcc/avr/4.3.3/../../../../avr/lib/avr5\libc.a(strrev.o)
 *(.bss*)
 *(COMMON)
 COMMON         0x0080073b        0x3 obj\Release\globals.o
                0x0080073b                monthEndDate
                0x0080073c                prevMenuCnt
                0x0080073d                prevMenuLayer
 COMMON         0x0080073e      0x154 obj\Release\words.o
                0x0080073e                glbWords0
                0x00800892                PROVIDE (__bss_end, .)
                0x00001afc                __data_load_start = LOADADDR (.data)
                0x0000212a                __data_load_end = (__data_load_start + SIZEOF (.data))

.noinit         0x00800892        0x0
                0x00800892                PROVIDE (__noinit_start, .)
 *(.noinit*)
                0x00800892                PROVIDE (__noinit_end, .)
                0x00800892                _end = .
                0x00800892                PROVIDE (__heap_start, .)

.eeprom         0x00810000        0x0
 *(.eeprom*)
                0x00810000                __eeprom_end = .

.fuse
 *(.fuse)
 *(.lfuse)
 *(.hfuse)
 *(.efuse)

.lock
 *(.lock*)

.signature
 *(.signature*)

.stab
 *(.stab)

.stabstr
 *(.stabstr)

.stab.excl
 *(.stab.excl)

.stab.exclstr
 *(.stab.exclstr)

.stab.index
 *(.stab.index)

.stab.indexstr
 *(.stab.indexstr)

.comment
 *(.comment)

.debug
 *(.debug)

.line
 *(.line)

.debug_srcinfo
 *(.debug_srcinfo)

.debug_sfnames
 *(.debug_sfnames)

.debug_aranges
 *(.debug_aranges)

.debug_pubnames
 *(.debug_pubnames)

.debug_info
 *(.debug_info)
 *(.gnu.linkonce.wi.*)

.debug_abbrev
 *(.debug_abbrev)

.debug_line
 *(.debug_line)

.debug_frame
 *(.debug_frame)

.debug_str
 *(.debug_str)

.debug_loc
 *(.debug_loc)

.debug_macinfo
 *(.debug_macinfo)
OUTPUT(bin\Release\LCD.elf elf32-avr)
LOAD linker stubs

Cross Reference Table

Symbol                                            File
WDT_Init                                          obj\Release\intrpt.o
__bad_interrupt                                   c:/winavr-20100110/bin/../lib/gcc/avr/4.3.3/../../../../avr/lib/avr5/crtm328p.o
__bss_end                                         c:/winavr-20100110/bin/../lib/gcc/avr/4.3.3/avr5\libgcc.a(_clear_bss.o)
__bss_start                                       c:/winavr-20100110/bin/../lib/gcc/avr/4.3.3/avr5\libgcc.a(_clear_bss.o)
__data_end                                        c:/winavr-20100110/bin/../lib/gcc/avr/4.3.3/avr5\libgcc.a(_copy_data.o)
__data_load_start                                 c:/winavr-20100110/bin/../lib/gcc/avr/4.3.3/avr5\libgcc.a(_copy_data.o)
__data_start                                      c:/winavr-20100110/bin/../lib/gcc/avr/4.3.3/avr5\libgcc.a(_copy_data.o)
__divmodqi4                                       c:/winavr-20100110/bin/../lib/gcc/avr/4.3.3/avr5\libgcc.a(_divmodqi4.o)
                                                  obj\Release\strFunc.o
                                                  obj\Release\main.o
                                                  obj\Release\intrpt.o
__do_clear_bss                                    c:/winavr-20100110/bin/../lib/gcc/avr/4.3.3/avr5\libgcc.a(_clear_bss.o)
                                                  c:/winavr-20100110/bin/../lib/gcc/avr/4.3.3/../../../../avr/lib/avr5\libc.a(strtok.o)
                                                  obj\Release\words.o
                                                  obj\Release\globals.o
__do_copy_data                                    c:/winavr-20100110/bin/../lib/gcc/avr/4.3.3/avr5\libgcc.a(_copy_data.o)
                                                  obj\Release\words.o
                                                  obj\Release\util.o
                                                  obj\Release\strFunc.o
                                                  obj\Release\main.o
                                                  obj\Release\intrpt.o
                                                  obj\Release\globals.o
__heap_end                                        c:/winavr-20100110/bin/../lib/gcc/avr/4.3.3/../../../../avr/lib/avr5/crtm328p.o
__init                                            c:/winavr-20100110/bin/../lib/gcc/avr/4.3.3/../../../../avr/lib/avr5/crtm328p.o
__mulhi_const_10                                  c:/winavr-20100110/bin/../lib/gcc/avr/4.3.3/../../../../avr/lib/avr5\libc.a(mul10.o)
                                                  c:/winavr-20100110/bin/../lib/gcc/avr/4.3.3/../../../../avr/lib/avr5\libc.a(atoi.o)
__stack                                           c:/winavr-20100110/bin/../lib/gcc/avr/4.3.3/../../../../avr/lib/avr5/crtm328p.o
__udivmodhi4                                      c:/winavr-20100110/bin/../lib/gcc/avr/4.3.3/avr5\libgcc.a(_udivmodhi4.o)
                                                  c:/winavr-20100110/bin/../lib/gcc/avr/4.3.3/../../../../avr/lib/avr5\libc.a(itoa.o)
                                                  obj\Release\strFunc.o
__udivmodqi4                                      c:/winavr-20100110/bin/../lib/gcc/avr/4.3.3/avr5\libgcc.a(_udivmodqi4.o)
                                                  c:/winavr-20100110/bin/../lib/gcc/avr/4.3.3/avr5\libgcc.a(_divmodqi4.o)
                                                  obj\Release\intrpt.o
__vector_1                                        c:/winavr-20100110/bin/../lib/gcc/avr/4.3.3/../../../../avr/lib/avr5/crtm328p.o
__vector_10                                       c:/winavr-20100110/bin/../lib/gcc/avr/4.3.3/../../../../avr/lib/avr5/crtm328p.o
__vector_11                                       c:/winavr-20100110/bin/../lib/gcc/avr/4.3.3/../../../../avr/lib/avr5/crtm328p.o
__vector_12                                       c:/winavr-20100110/bin/../lib/gcc/avr/4.3.3/../../../../avr/lib/avr5/crtm328p.o
__vector_13                                       c:/winavr-20100110/bin/../lib/gcc/avr/4.3.3/../../../../avr/lib/avr5/crtm328p.o
__vector_14                                       c:/winavr-20100110/bin/../lib/gcc/avr/4.3.3/../../../../avr/lib/avr5/crtm328p.o
__vector_15                                       c:/winavr-20100110/bin/../lib/gcc/avr/4.3.3/../../../../avr/lib/avr5/crtm328p.o
__vector_16                                       c:/winavr-20100110/bin/../lib/gcc/avr/4.3.3/../../../../avr/lib/avr5/crtm328p.o
__vector_17                                       c:/winavr-20100110/bin/../lib/gcc/avr/4.3.3/../../../../avr/lib/avr5/crtm328p.o
__vector_18                                       c:/winavr-20100110/bin/../lib/gcc/avr/4.3.3/../../../../avr/lib/avr5/crtm328p.o
__vector_19                                       c:/winavr-20100110/bin/../lib/gcc/avr/4.3.3/../../../../avr/lib/avr5/crtm328p.o
__vector_2                                        c:/winavr-20100110/bin/../lib/gcc/avr/4.3.3/../../../../avr/lib/avr5/crtm328p.o
__vector_20                                       c:/winavr-20100110/bin/../lib/gcc/avr/4.3.3/../../../../avr/lib/avr5/crtm328p.o
__vector_21                                       c:/winavr-20100110/bin/../lib/gcc/avr/4.3.3/../../../../avr/lib/avr5/crtm328p.o
__vector_22                                       c:/winavr-20100110/bin/../lib/gcc/avr/4.3.3/../../../../avr/lib/avr5/crtm328p.o
__vector_23                                       c:/winavr-20100110/bin/../lib/gcc/avr/4.3.3/../../../../avr/lib/avr5/crtm328p.o
__vector_24                                       c:/winavr-20100110/bin/../lib/gcc/avr/4.3.3/../../../../avr/lib/avr5/crtm328p.o
__vector_25                                       c:/winavr-20100110/bin/../lib/gcc/avr/4.3.3/../../../../avr/lib/avr5/crtm328p.o
__vector_3                                        obj\Release\intrpt.o
                                                  c:/winavr-20100110/bin/../lib/gcc/avr/4.3.3/../../../../avr/lib/avr5/crtm328p.o
__vector_4                                        c:/winavr-20100110/bin/../lib/gcc/avr/4.3.3/../../../../avr/lib/avr5/crtm328p.o
__vector_5                                        c:/winavr-20100110/bin/../lib/gcc/avr/4.3.3/../../../../avr/lib/avr5/crtm328p.o
__vector_6                                        obj\Release\intrpt.o
                                                  c:/winavr-20100110/bin/../lib/gcc/avr/4.3.3/../../../../avr/lib/avr5/crtm328p.o
__vector_7                                        c:/winavr-20100110/bin/../lib/gcc/avr/4.3.3/../../../../avr/lib/avr5/crtm328p.o
__vector_8                                        c:/winavr-20100110/bin/../lib/gcc/avr/4.3.3/../../../../avr/lib/avr5/crtm328p.o
__vector_9                                        c:/winavr-20100110/bin/../lib/gcc/avr/4.3.3/../../../../avr/lib/avr5/crtm328p.o
__vector_default                                  c:/winavr-20100110/bin/../lib/gcc/avr/4.3.3/../../../../avr/lib/avr5/crtm328p.o
__vectors                                         c:/winavr-20100110/bin/../lib/gcc/avr/4.3.3/../../../../avr/lib/avr5/crtm328p.o
_exit                                             c:/winavr-20100110/bin/../lib/gcc/avr/4.3.3/avr5\libgcc.a(_exit.o)
accumulatedHour                                   obj\Release\globals.o
                                                  obj\Release\main.o
                                                  obj\Release\intrpt.o
accumulatedMin                                    obj\Release\globals.o
                                                  obj\Release\main.o
                                                  obj\Release\intrpt.o
accumulatedSec                                    obj\Release\globals.o
                                                  obj\Release\main.o
                                                  obj\Release\intrpt.o
adjustHour                                        obj\Release\util.o
adjustMin                                         obj\Release\util.o
adjustSec                                         obj\Release\util.o
adjustTime                                        obj\Release\util.o
assignGlbWords0Bio1                               obj\Release\words.o
                                                  obj\Release\util.o
                                                  obj\Release\main.o
assignGlbWords0Bio2                               obj\Release\words.o
                                                  obj\Release\util.o
atoi                                              c:/winavr-20100110/bin/../lib/gcc/avr/4.3.3/../../../../avr/lib/avr5\libc.a(atoi.o)
                                                  obj\Release\strFunc.o
bioWords01                                        obj\Release\words.o
bioWords02                                        obj\Release\words.o
calcDay                                           obj\Release\strFunc.o
check_wdt                                         obj\Release\intrpt.o
chkButtonAndToggleBacklight                       obj\Release\main.o
config                                            obj\Release\main.o
countButton                                       obj\Release\util.o
                                                  obj\Release\intrpt.o
countButton_old                                   obj\Release\util.o
countWithinOneSec                                 obj\Release\util.o
date                                              obj\Release\globals.o
                                                  obj\Release\util.o
                                                  obj\Release\strFunc.o
                                                  obj\Release\main.o
                                                  obj\Release\intrpt.o
day                                               obj\Release\globals.o
                                                  obj\Release\util.o
                                                  obj\Release\strFunc.o
                                                  obj\Release\main.o
                                                  obj\Release\intrpt.o
dht_getdata                                       obj\Release\DHT11\DHT11_ATmega328p.o
dht_getdata_EXT16MHZ                              obj\Release\DHT11\DHT11_ATmega328p.o
dht_getdata_INT8MHZ                               obj\Release\DHT11\DHT11_ATmega328p.o
dht_gethumidity                                   obj\Release\DHT11\DHT11_ATmega328p.o
dht_gettemperature                                obj\Release\DHT11\DHT11_ATmega328p.o
dht_gettemperaturehumidity                        obj\Release\DHT11\DHT11_ATmega328p.o
                                                  obj\Release\main.o
exit                                              c:/winavr-20100110/bin/../lib/gcc/avr/4.3.3/avr5\libgcc.a(_exit.o)
                                                  c:/winavr-20100110/bin/../lib/gcc/avr/4.3.3/../../../../avr/lib/avr5/crtm328p.o
getDHT11                                          obj\Release\DHT11\DHT11_ATmega328p.o
glbWords0                                         obj\Release\words.o
                                                  obj\Release\main.o
glbWords1                                         obj\Release\words.o
                                                  obj\Release\main.o
hour                                              obj\Release\globals.o
                                                  obj\Release\util.o
                                                  obj\Release\strFunc.o
                                                  obj\Release\main.o
                                                  obj\Release\intrpt.o
initINT                                           obj\Release\intrpt.o
                                                  obj\Release\main.o
init_devices                                      obj\Release\intrpt.o
ioinit                                            obj\Release\DHT11\DHT11_ATmega328p.o
                                                  obj\Release\main.o
itoa                                              c:/winavr-20100110/bin/../lib/gcc/avr/4.3.3/../../../../avr/lib/avr5\libc.a(itoa.o)
                                                  obj\Release\util.o
                                                  obj\Release\main.o
lcd_SysTime                                       obj\Release\main.o
lcd_dispAccumulatedTime                           obj\Release\main.o
                                                  obj\Release\util.o
lcd_dispLineOneTwo                                obj\Release\main.o
                                                  obj\Release\util.o
                                                  obj\Release\intrpt.o
lcd_dispMenu                                      obj\Release\main.o
                                                  obj\Release\util.o
lcd_dispOFF                                       obj\Release\main.o
lcd_dispON                                        obj\Release\main.o
lcd_dispProgInfo                                  obj\Release\main.o
                                                  obj\Release\util.o
lcd_dispRealClock                                 obj\Release\main.o
                                                  obj\Release\util.o
lcd_dispWords                                     obj\Release\main.o
                                                  obj\Release\intrpt.o
lcd_init_4d                                       obj\Release\main.o
lcd_padSpace                                      obj\Release\main.o
                                                  obj\Release\util.o
lcd_showDHT11                                     obj\Release\main.o
                                                  obj\Release\util.o
lcd_testString                                    obj\Release\main.o
lcd_write_4                                       obj\Release\main.o
lcd_write_character_4d                            obj\Release\main.o
lcd_write_instruction_4d                          obj\Release\main.o
                                                  obj\Release\util.o
lcd_write_string_4d                               obj\Release\main.o
                                                  obj\Release\util.o
main                                              obj\Release\main.o
                                                  c:/winavr-20100110/bin/../lib/gcc/avr/4.3.3/../../../../avr/lib/avr5/crtm328p.o
menu_str1                                         obj\Release\globals.o
                                                  obj\Release\main.o
menu_str2                                         obj\Release\globals.o
                                                  obj\Release\main.o
min                                               obj\Release\globals.o
                                                  obj\Release\util.o
                                                  obj\Release\strFunc.o
                                                  obj\Release\main.o
                                                  obj\Release\intrpt.o
month                                             obj\Release\globals.o
                                                  obj\Release\util.o
                                                  obj\Release\strFunc.o
                                                  obj\Release\main.o
                                                  obj\Release\intrpt.o
monthEndDate                                      obj\Release\intrpt.o
                                                  obj\Release\globals.o
parseCompileTime                                  obj\Release\strFunc.o
                                                  obj\Release\main.o
prevMenuCnt                                       obj\Release\util.o
                                                  obj\Release\globals.o
prevMenuLayer                                     obj\Release\util.o
                                                  obj\Release\globals.o
proceedClock                                      obj\Release\intrpt.o
program_author                                    obj\Release\globals.o
                                                  obj\Release\main.o
program_date                                      obj\Release\globals.o
                                                  obj\Release\main.o
program_email                                     obj\Release\globals.o
                                                  obj\Release\main.o
program_version                                   obj\Release\globals.o
                                                  obj\Release\main.o
sec                                               obj\Release\globals.o
                                                  obj\Release\util.o
                                                  obj\Release\strFunc.o
                                                  obj\Release\main.o
                                                  obj\Release\intrpt.o
setup_wdt                                         obj\Release\intrpt.o
showMenuMsg                                       obj\Release\util.o
strcat                                            c:/winavr-20100110/bin/../lib/gcc/avr/4.3.3/../../../../avr/lib/avr5\libc.a(strcat.o)
                                                  obj\Release\main.o
strcmp                                            c:/winavr-20100110/bin/../lib/gcc/avr/4.3.3/../../../../avr/lib/avr5\libc.a(strcmp.o)
                                                  obj\Release\strFunc.o
strcpy                                            c:/winavr-20100110/bin/../lib/gcc/avr/4.3.3/../../../../avr/lib/avr5\libc.a(strcpy.o)
                                                  obj\Release\words.o
                                                  obj\Release\strFunc.o
                                                  obj\Release\main.o
strrev                                            c:/winavr-20100110/bin/../lib/gcc/avr/4.3.3/../../../../avr/lib/avr5\libc.a(strrev.o)
                                                  c:/winavr-20100110/bin/../lib/gcc/avr/4.3.3/../../../../avr/lib/avr5\libc.a(itoa.o)
strtok                                            c:/winavr-20100110/bin/../lib/gcc/avr/4.3.3/../../../../avr/lib/avr5\libc.a(strtok.o)
                                                  obj\Release\strFunc.o
strtok_r                                          c:/winavr-20100110/bin/../lib/gcc/avr/4.3.3/../../../../avr/lib/avr5\libc.a(strtok_r.o)
                                                  c:/winavr-20100110/bin/../lib/gcc/avr/4.3.3/../../../../avr/lib/avr5\libc.a(strtok.o)
sysClockTest                                      obj\Release\util.o
turnOffLCDBacklight                               obj\Release\main.o
                                                  obj\Release\util.o
turnOnLCDBacklight                                obj\Release\main.o
                                                  obj\Release\util.o
wd                                                obj\Release\words.o
                                                  obj\Release\intrpt.o
year                                              obj\Release\globals.o
                                                  obj\Release\util.o
                                                  obj\Release\strFunc.o
                                                  obj\Release\main.o
                                                  obj\Release\intrpt.o
